[reklama.2gis.ru/b2b-kazan.html]
[backblue.gif]
[fade.gif]
[index.html]
[static.tildacdn.com/tild3566-3132-4836-b264-343233386566/photo.jpg]
[static.tildacdn.com/tild3034-3637-4663-b262-326136623563/favicon152x152.png]
[static.tildacdn.com/tild3633-3131-4330-a661-656634393532/favicon270x270.png]
[neo.tildacdn.com/js/tilda-fallback-1.0.min.js]
[static.tildacdn.com/css/tilda-grid-3.0.min.css]
[static.tildacdn.com/ws/project3969449/tilda-blocks-page64548517.min6e2a.css]
[static.tildacdn.com/css/tilda-animation-2.0.min.css]
[static.tildacdn.com/css/tilda-cards-1.0.min.css]
[static.tildacdn.com/css/tilda-slds-1.4.min.css]
[static.tildacdn.com/css/tilda-zero-gallery-1.0.min.css]
[static.tildacdn.com/css/tilda-forms-1.0.min.css]
[static.tildacdn.com/js/tilda-polyfill-1.0.min.js]
[static.tildacdn.com/js/jquery-1.10.2.min.js]
[reklama.2gis.ru/OPR/index.html]
[static.tildacdn.com/js/tilda-scripts-3.0.min.js]
[static.tildacdn.com/ws/project3969449/tilda-blocks-page64548517.min6e2a.js]
[static.tildacdn.com/js/tilda-lazyload-1.0.min.js]
[static.tildacdn.com/js/tilda-animation-2.0.min.js]
[static.tildacdn.com/js/tilda-menu-1.0.min.js]
[static.tildacdn.com/js/tilda-zero-1.1.min.js]
[static.tildacdn.com/js/tilda-cards-1.0.min.js]
[static.tildacdn.com/js/tilda-slds-1.4.min.js]
[static.tildacdn.com/js/hammer.min.js]
[static.tildacdn.com/js/tilda-video-1.0.min.js]
[static.tildacdn.com/js/tilda-zero-gallery-1.0.min.js]
[static.tildacdn.com/js/tilda-forms-1.0.min.js]
[static.tildacdn.com/js/tilda-zero-forms-1.0.min.js]
[static.tildacdn.com/js/tilda-zero-scale-1.0.min.js]
[static.tildacdn.com/js/tilda-skiplink-1.0.min.js]
[static.tildacdn.com/js/tilda-events-1.0.min.js]
[mc.yandex.ru/metrika/tag.js]
[thb.tildacdn.com/tild3865-6138-4366-b536-366261366532/-/resize/20x/2blur.png]
[static.tildacdn.com/tild6333-3135-4935-a636-393534646535/b_01.png]
[thb.tildacdn.com/tild6333-3135-4935-a636-393534646535/-/resize/20x/b_01.png]
[thb.tildacdn.com/tild6238-3737-4436-a165-636434623532/-/resize/20x/line.png]
[thb.tildacdn.com/tild3835-3137-4430-b634-353736653632/-/resize/20x/line.png]
[thb.tildacdn.com/tild3533-3662-4666-b963-656639653233/-/resize/20x/Ellipse_643.png]
[static.tildacdn.com/tild3639-3538-4562-a139-643632306163/main_arrow_r.png]
[thb.tildacdn.com/tild3639-3538-4562-a139-643632306163/-/resize/20x/main_arrow_r.png]
[static.tildacdn.com/tild3238-3336-4333-b236-333539346562/BA2A4336_tilda257874.jpg]
[thb.tildacdn.com/tild3238-3336-4333-b236-333539346562/-/resizeb/20x/BA2A4336_tilda257874.jpg]
[static.tildacdn.com/tild6265-6537-4265-a535-306539616436/BA2A4463_tilda257874.jpg]
[thb.tildacdn.com/tild6265-6537-4265-a535-306539616436/-/resizeb/20x/BA2A4463_tilda257874.jpg]
[static.tildacdn.com/tild6238-3066-4661-a337-363062656233/BA2A4675_tilda257874.jpg]
[thb.tildacdn.com/tild6238-3066-4661-a337-363062656233/-/resizeb/20x/BA2A4675_tilda257874.jpg]
[static.tildacdn.com/tild3336-3366-4432-b730-666431373833/BA2A3933_tilda215121.jpg]
[thb.tildacdn.com/tild3336-3366-4432-b730-666431373833/-/resizeb/20x/BA2A3933_tilda215121.jpg]
[static.tildacdn.com/tild6361-3330-4335-b639-363963353865/BA2A3950_tilda215121.jpg]
[thb.tildacdn.com/tild6361-3330-4335-b639-363963353865/-/resizeb/20x/BA2A3950_tilda215121.jpg]
[static.tildacdn.com/tild3730-3130-4332-b263-313565306234/BA2A4029_tilda215121.jpg]
[thb.tildacdn.com/tild3730-3130-4332-b263-313565306234/-/resizeb/20x/BA2A4029_tilda215121.jpg]
[static.tildacdn.com/tild3563-6162-4761-a563-623035633765/BA2A3720_tilda215121.jpg]
[thb.tildacdn.com/tild3563-6162-4761-a563-623035633765/-/resizeb/20x/BA2A3720_tilda215121.jpg]
[reklama.2gis.ru/b2b-kazan.html]
[static.tildacdn.com/css/tilda-grid-3.0.min.css]
[static.tildacdn.com/ws/project3969449/tilda-blocks-page64548517.min6e2a.css]
[static.tildacdn.com/css/tilda-animation-2.0.min.css]
[static.tildacdn.com/css/tilda-cards-1.0.min.css]
[static.tildacdn.com/css/tilda-slds-1.4.min.css]
[static.tildacdn.com/css/tilda-zero-gallery-1.0.min.css]
[static.tildacdn.com/css/tilda-forms-1.0.min.css]
[reklama.2gis.ru/OPR/index.html]
[www.googletagmanager.com/gtm5445.html]
[static.tildacdn.com/js/tilda-stat-1.0.min.js]
